2025-04-04 05:46:38.980400 - Received CBT.V508.FILE190.PDS from FILE190.XMI 
2025-04-04 05:46:38.981681 - Found $$$$DOC.txt (text/plain) in CBT.V508.FILE190.PDS, moved to PDS/$$$$DOC
2025-04-04 05:46:38.981855 - Found $$$#DATE.txt (text/plain) in CBT.V508.FILE190.PDS, moved to PDS/$$$#DATE
2025-04-04 05:46:38.981989 - Found @CLIST.txt (text/plain) in CBT.V508.FILE190.PDS, moved to PDS/@CLIST
2025-04-04 05:46:38.982114 - Found @COMPILE.jcl (text/plain) in CBT.V508.FILE190.PDS, moved to PDS/@COMPILE
2025-04-04 05:46:38.982233 - Found @FILE190.txt (text/plain) in CBT.V508.FILE190.PDS, moved to PDS/@FILE190
2025-04-04 05:46:38.982348 - Found @REPORT.jcl (text/plain) in CBT.V508.FILE190.PDS, moved to PDS/@REPORT
2025-04-04 05:46:38.982466 - Found @TEST1.jcl (text/plain) in CBT.V508.FILE190.PDS, moved to PDS/@TEST1
2025-04-04 05:46:38.982591 - Found ALLOCDS.txt (text/plain) in CBT.V508.FILE190.PDS, moved to PDS/ALLOCDS
2025-04-04 05:46:38.982707 - Found FIXDCB.txt (text/plain) in CBT.V508.FILE190.PDS, moved to PDS/FIXDCB
2025-04-04 05:46:38.982906 - Found GETDSN.txt (text/plain) in CBT.V508.FILE190.PDS, moved to PDS/GETDSN
2025-04-04 05:46:38.983025 - Found IPCSLMSG.txt (text/plain) in CBT.V508.FILE190.PDS, moved to PDS/IPCSLMSG
2025-04-04 05:46:38.983176 - Found IPCSLOAD.txt (text/plain) in CBT.V508.FILE190.PDS, moved to PDS/IPCSLOAD
2025-04-04 05:46:38.983293 - Found IPCSPRNT.txt (text/plain) in CBT.V508.FILE190.PDS, moved to PDS/IPCSPRNT
2025-04-04 05:46:38.983432 - Found LOCATE1.txt (text/plain) in CBT.V508.FILE190.PDS, moved to PDS/LOCATE1
2025-04-04 05:46:38.983547 - Found PUT31.txt (text/plain) in CBT.V508.FILE190.PDS, moved to PDS/PUT31
2025-04-04 05:46:38.983727 - Found RENTR.txt (text/plain) in CBT.V508.FILE190.PDS, moved to PDS/RENTR
2025-04-04 05:46:38.983856 - Found REXIT.txt (text/plain) in CBT.V508.FILE190.PDS, moved to PDS/REXIT
2025-04-04 05:46:38.983970 - Found SMODE.txt (text/plain) in CBT.V508.FILE190.PDS, moved to PDS/SMODE
2025-04-04 05:46:38.984086 - Found SWAREQ1.txt (text/plain) in CBT.V508.FILE190.PDS, moved to PDS/SWAREQ1
2025-04-04 05:46:38.984198 - Found SYMBAR.txt (text/plain) in CBT.V508.FILE190.PDS, moved to PDS/SYMBAR
2025-04-04 05:46:38.984312 - Found TESTSYS.txt (text/plain) in CBT.V508.FILE190.PDS, moved to PDS/TESTSYS
2025-04-04 05:46:38.984485 - Found VSMDUMP.txt (text/plain) in CBT.V508.FILE190.PDS, moved to PDS/VSMDUMP
2025-04-04 05:46:38.984598 - Found VSMPRNT.txt (text/plain) in CBT.V508.FILE190.PDS, moved to PDS/VSMPRNT
